2026-07-203 23:01:19 [main] INFO com.ui.listeners.TestListener Test suite Started 
2026-07-203 23:01:19 [main] INFO com.ui.pages.HomePage Opening chrome browser 
2026-07-203 23:01:21 [main] INFO com.ui.pages.HomePage navigating to the https://automationpractice.techwithjatin.com/my-account 
2026-07-203 23:01:24 [main] INFO com.ui.pages.HomePage Maxmizing the browser 
2026-07-203 23:01:25 [main] INFO com.ui.test.loginTestWithTestBased Launching Chrome browser!! 
2026-07-203 23:01:25 [main] INFO com.ui.listeners.TestListener loginCSVTest 
2026-07-203 23:01:25 [main] INFO com.ui.listeners.TestListener Verify with valid user login into application 
2026-07-203 23:01:25 [main] INFO com.ui.listeners.TestListener [e2e, sanity] 
2026-07-203 23:01:25 [main] INFO com.ui.test.loginTestWithTestBased Starting my Login test with CSV 
2026-07-203 23:01:25 [main] INFO com.ui.pages.HomePage Navigating to the Login page! 
2026-07-203 23:01:25 [main] INFO com.ui.pages.LoginPage Entering the email : senax57658@sixoplus.com 
2026-07-203 23:01:25 [main] INFO com.ui.pages.LoginPage Entering the password : 9876543210 
2026-07-203 23:01:25 [main] INFO com.ui.pages.LoginPage Click on the Submit button! 
2026-07-203 23:01:25 [main] INFO com.ui.pages.LoginPage Navigating the Account Page!! 
2026-07-203 23:01:25 [main] INFO com.ui.test.loginTestWithTestBased Login CSV test completed!! 
2026-07-203 23:01:25 [main] INFO com.ui.listeners.TestListener loginCSVTest PASSED 
2026-07-203 23:01:25 [main] INFO com.ui.pages.HomePage Quiting the browser!! 
2026-07-203 23:01:26 [main] INFO com.ui.test.loginTestWithTestBased Closing the browser!! 
2026-07-203 23:01:26 [main] INFO com.ui.pages.HomePage Opening chrome browser 
2026-07-203 23:01:26 [main] INFO com.ui.pages.HomePage navigating to the https://automationpractice.techwithjatin.com/my-account 
2026-07-203 23:01:32 [main] INFO com.ui.pages.HomePage Maxmizing the browser 
2026-07-203 23:01:32 [main] INFO com.ui.test.loginTestWithTestBased Launching Chrome browser!! 
2026-07-203 23:01:32 [main] INFO com.ui.listeners.TestListener loginTest 
2026-07-203 23:01:32 [main] INFO com.ui.listeners.TestListener Verify with valid user login into application 
2026-07-203 23:01:32 [main] INFO com.ui.listeners.TestListener [e2e, sanity] 
2026-07-203 23:01:32 [main] INFO com.ui.test.loginTestWithTestBased Starting my Login test with JSON 
2026-07-203 23:01:32 [main] INFO com.ui.pages.HomePage Navigating to the Login page! 
2026-07-203 23:01:33 [main] INFO com.ui.pages.LoginPage Entering the email : senax57658@sixoplus.com 
2026-07-203 23:01:33 [main] INFO com.ui.pages.LoginPage Entering the password : 9876543210 
2026-07-203 23:01:33 [main] INFO com.ui.pages.LoginPage Click on the Submit button! 
2026-07-203 23:01:33 [main] INFO com.ui.pages.LoginPage Navigating the Account Page!! 
2026-07-203 23:01:33 [main] INFO com.ui.test.loginTestWithTestBased Login JSON test completed!! 
2026-07-203 23:01:33 [main] INFO com.ui.listeners.TestListener loginTest PASSED 
2026-07-203 23:01:33 [main] INFO com.ui.pages.HomePage Quiting the browser!! 
2026-07-203 23:01:33 [main] INFO com.ui.test.loginTestWithTestBased Closing the browser!! 
2026-07-203 23:01:33 [main] INFO com.ui.pages.HomePage Opening chrome browser 
2026-07-203 23:01:34 [main] INFO com.ui.pages.HomePage navigating to the https://automationpractice.techwithjatin.com/my-account 
2026-07-203 23:01:37 [main] INFO com.ui.pages.HomePage Maxmizing the browser 
2026-07-203 23:01:37 [main] INFO com.ui.test.loginTestWithTestBased Launching Chrome browser!! 
2026-07-203 23:01:37 [main] INFO com.ui.listeners.TestListener loginTest 
2026-07-203 23:01:37 [main] INFO com.ui.listeners.TestListener Verify with valid user login into application 
2026-07-203 23:01:37 [main] INFO com.ui.listeners.TestListener [e2e, sanity] 
2026-07-203 23:01:37 [main] INFO com.ui.test.loginTestWithTestBased Starting my Login test with JSON 
2026-07-203 23:01:37 [main] INFO com.ui.pages.HomePage Navigating to the Login page! 
2026-07-203 23:01:38 [main] INFO com.ui.pages.LoginPage Entering the email : senax57658@sixoplus.com 
2026-07-203 23:01:38 [main] INFO com.ui.pages.LoginPage Entering the password : 9876543210 
2026-07-203 23:01:38 [main] INFO com.ui.pages.LoginPage Click on the Submit button! 
2026-07-203 23:01:38 [main] INFO com.ui.pages.LoginPage Navigating the Account Page!! 
2026-07-203 23:01:38 [main] INFO com.ui.test.loginTestWithTestBased Login JSON test completed!! 
2026-07-203 23:01:38 [main] INFO com.ui.listeners.TestListener loginTest PASSED 
2026-07-203 23:01:38 [main] INFO com.ui.pages.HomePage Quiting the browser!! 
2026-07-203 23:01:38 [main] INFO com.ui.test.loginTestWithTestBased Closing the browser!! 
2026-07-203 23:01:38 [main] INFO com.ui.listeners.TestListener Test suite Completed 
